[backblue.gif]
[fade.gif]
[index.html]
[demo.hasthemes.com/boighor-preview/p2/img/boighor-v3/favicon.ico]
[demo.hasthemes.com/boighor-preview/boighor-v3-html-tfed90.html]
[demo.hasthemes.com/boighor-preview/p2/js/vendor/modernizr-2.8.3.min.js]
[demo.hasthemes.com/boighor-preview/p2/img/boighor-v3/bg.jpg]
[demo.hasthemes.com/boighor-preview/p2/img/boighor-v3/logo.png]
[demo.hasthemes.com/boighor-preview/p2/img/boighor-v3/defalut-home.jpg]
[demo.hasthemes.com/boighor-preview/p2/img/boighor-v3/home-two.jpg]
[demo.hasthemes.com/boighor-preview/p2/img/boighor-v3/home-box.jpg]
[demo.hasthemes.com/boighor-preview/p2/img/boighor-v3/shop-gird.jpg]
[demo.hasthemes.com/boighor-preview/p2/img/boighor-v3/shop-left-sidebar.jpg]
[demo.hasthemes.com/boighor-preview/p2/img/boighor-v3/shop-right-sidebar.jpg]
[demo.hasthemes.com/boighor-preview/p2/img/boighor-v3/shop-no-sidebar.jpg]
[demo.hasthemes.com/boighor-preview/p2/img/boighor-v3/shop-list.jpg]
[demo.hasthemes.com/boighor-preview/p2/img/boighor-v3/shop-single.jpg]
[demo.hasthemes.com/boighor-preview/p2/img/boighor-v3/cart.jpg]
[demo.hasthemes.com/boighor-preview/p2/img/boighor-v3/checkout.jpg]
[demo.hasthemes.com/boighor-preview/p2/css/bootstrap.min.css]
[demo.hasthemes.com/boighor-preview/p2/css/font-awesome.min.css]
[demo.hasthemes.com/boighor-preview/p2/img/boighor-v3/my-account.jpg]
[demo.hasthemes.com/boighor-preview/p2/css/et-line.css]
[demo.hasthemes.com/boighor-preview/p2/css/plugins.css]
[demo.hasthemes.com/boighor-preview/p2/style.css]
[demo.hasthemes.com/boighor-preview/p2/img/boighor-v3/wishlist.jpg]
[demo.hasthemes.com/boighor-preview/p2/css/responsive.css]
[demo.hasthemes.com/boighor-preview/p2/img/boighor-v3/blog.jpg]
[demo.hasthemes.com/boighor-preview/p2/img/boighor-v3/blog-left-sidebar.jpg]
[demo.hasthemes.com/boighor-preview/p2/img/boighor-v3/blog-no-sidebar.jpg]
[demo.hasthemes.com/boighor-preview/p2/img/boighor-v3/blog-deatils.jpg]
[demo.hasthemes.com/boighor-preview/p2/img/boighor-v3/portfolio-thrree.jpg]
[demo.hasthemes.com/boighor-preview/p2/img/boighor-v3/portfolio.jpg]
[demo.hasthemes.com/boighor-preview/p2/img/boighor-v3/about-us.jpg]
[demo.hasthemes.com/boighor-preview/p2/img/boighor-v3/portfolio-details.jpg]
[demo.hasthemes.com/boighor-preview/boighor-v3/index.html]
[demo.hasthemes.com/boighor-preview/index.html]
[demo.hasthemes.com/boighor-preview/p2/img/boighor-v3/team-member.jpg]
[demo.hasthemes.com/boighor-preview/boighor-v3/index-2.html]
[demo.hasthemes.com/boighor-preview/p2/img/boighor-v3/contact.jpg]
[demo.hasthemes.com/boighor-preview/boighor-v3/index-box.html]
[demo.hasthemes.com/boighor-preview/p2/img/boighor-v3/404.jpg]
[demo.hasthemes.com/boighor-preview/p2/img/boighor-v3/faq.jpg]
[s3.envato.com/files/242354736/01_preview_image_artfurniture.__large_preview.png]
[s3.envato.com/files/246110296/01_truemart-preview_image.__large_preview.png]
[s3.envato.com/files/193430971/preview-image.__large_preview.jpg]
[demo.hasthemes.com/boighor-preview/boighor-v3/shop-grid.html]
[demo.hasthemes.com/boighor-preview/p2/js/vendor/jquery-3.1.1.min.js]
[s3.envato.com/files/242944306/01_preview_image_javenist.__large_preview.png]
[demo.hasthemes.com/boighor-preview/boighor-v3/shop-left-sidebar.html]
[s3.envato.com/files/225834680/preview.__large_preview.jpg]
[demo.hasthemes.com/boighor-preview/boighor-v3/shop-right-sidebar.html]
[s3.envato.com/files/236854570/preview.__large_preview.png]
[demo.hasthemes.com/boighor-preview/p2/js/bootstrap.min.js]
[demo.hasthemes.com/boighor-preview/boighor-v3/shop-no-sidebar.html]
[demo.hasthemes.com/boighor-preview/p2/js/plugins.js]
[demo.hasthemes.com/boighor-preview/p2/js/main.js]
[demo.hasthemes.com/boighor-preview/p2/js/ajax-mail.js]
[demo.hasthemes.com/boighor-preview/boighor-v3/shop-list.html]
[demo.hasthemes.com/boighor-preview/p2/fonts/fontawesome-webfont3e6e.eot]
[demo.hasthemes.com/boighor-preview/p2/fonts/fontawesome-webfontd41d.eot]
[demo.hasthemes.com/boighor-preview/p2/fonts/fontawesome-webfont3e6e.woff2]
[demo.hasthemes.com/boighor-preview/p2/fonts/fontawesome-webfont3e6e.woff]
[demo.hasthemes.com/boighor-preview/p2/fonts/fontawesome-webfont3e6e.ttf]
[demo.hasthemes.com/boighor-preview/p2/fonts/et-lined41d.eot]
[demo.hasthemes.com/boighor-preview/p2/fonts/et-line.woff]
[demo.hasthemes.com/boighor-preview/p2/fonts/et-line.eot]
[demo.hasthemes.com/boighor-preview/p2/fonts/et-line.ttf]
[demo.hasthemes.com/boighor-preview/boighor-v3/images/favicon.ico]
[demo.hasthemes.com/boighor-preview/boighor-v3/images/icon.png]
[demo.hasthemes.com/boighor-preview/boighor-v3/js/vendor/modernizr-3.5.0.min.js]
[demo.hasthemes.com/boighor-preview/boighor-v3/images/logo/logo.png]
[demo.hasthemes.com/boighor-preview/boighor-v3/images/product/sm-img/1.jpg]
[demo.hasthemes.com/boighor-preview/boighor-v3/images/product/sm-img/3.jpg]
[demo.hasthemes.com/boighor-preview/boighor-v3/images/product/sm-img/2.jpg]
[demo.hasthemes.com/boighor-preview/boighor-v3/images/books/1.jpg]
[demo.hasthemes.com/boighor-preview/boighor-v3/images/books/2.jpg]
[demo.hasthemes.com/boighor-preview/boighor-v3/images/books/3.jpg]
[demo.hasthemes.com/boighor-preview/boighor-v3/images/books/4.jpg]
[demo.hasthemes.com/boighor-preview/boighor-v3/images/books/5.jpg]
[demo.hasthemes.com/boighor-preview/boighor-v3/images/books/6.jpg]
[demo.hasthemes.com/boighor-preview/boighor-v3/images/books/7.jpg]
[demo.hasthemes.com/boighor-preview/boighor-v3/images/books/8.jpg]
[demo.hasthemes.com/boighor-preview/boighor-v3/single-product.html]
[demo.hasthemes.com/boighor-preview/boighor-v3/images/books/9.jpg]
[demo.hasthemes.com/boighor-preview/boighor-v3/cart.html]
[demo.hasthemes.com/boighor-preview/boighor-v3/images/books/11.jpg]
[demo.hasthemes.com/boighor-preview/boighor-v3/images/books/10.jpg]
[demo.hasthemes.com/boighor-preview/boighor-v3/checkout.html]
[demo.hasthemes.com/boighor-preview/boighor-v3/images/best-sell-product/1.jpg]
[demo.hasthemes.com/boighor-preview/boighor-v3/images/books/12.jpg]
[demo.hasthemes.com/boighor-preview/boighor-v3/images/best-sell-product/2.jpg]
[demo.hasthemes.com/boighor-preview/boighor-v3/images/best-sell-product/3.jpg]
[demo.hasthemes.com/boighor-preview/boighor-v3/images/best-sell-product/5.jpg]
[demo.hasthemes.com/boighor-preview/boighor-v3/images/best-sell-product/4.jpg]
[demo.hasthemes.com/boighor-preview/boighor-v3/images/best-sell-product/6.jpg]
[demo.hasthemes.com/boighor-preview/boighor-v3/images/best-sell-product/8.jpg]
[demo.hasthemes.com/boighor-preview/boighor-v3/images/best-sell-product/7.jpg]
[demo.hasthemes.com/boighor-preview/boighor-v3/images/logo/3.png]
[demo.hasthemes.com/boighor-preview/boighor-v3/images/icons/payment.png]
[demo.hasthemes.com/boighor-preview/boighor-v3/images/product/big-img/1.jpg]
[demo.hasthemes.com/boighor-preview/boighor-v3/my-account.html]
[demo.hasthemes.com/boighor-preview/boighor-v3/wishlist.html]
[demo.hasthemes.com/boighor-preview/boighor-v3/js/vendor/jquery-3.2.1.min.js]
[demo.hasthemes.com/boighor-preview/boighor-v3/js/popper.min.js]
[demo.hasthemes.com/boighor-preview/boighor-v3/js/bootstrap.min.js]
[demo.hasthemes.com/boighor-preview/boighor-v3/js/plugins.js]
[demo.hasthemes.com/boighor-preview/boighor-v3/js/active.js]
[demo.hasthemes.com/boighor-preview/boighor-v3/images/testimonial/2.png]
[demo.hasthemes.com/boighor-preview/boighor-v3/images/testimonial/3.png]
[demo.hasthemes.com/boighor-preview/boighor-v3/blog.html]
[demo.hasthemes.com/boighor-preview/boighor-v3/images/others/banner_left.jpg]
[demo.hasthemes.com/boighor-preview/boighor-v3/images/product/2.jpg]
[demo.hasthemes.com/boighor-preview/boighor-v3/images/product/1.jpg]
[demo.hasthemes.com/boighor-preview/boighor-v3/images/testimonial/1.png]
[demo.hasthemes.com/boighor-preview/boighor-v3/blog-left-sidebar.html]
[demo.hasthemes.com/boighor-preview/boighor-v3/images/product/3.jpg]
[demo.hasthemes.com/boighor-preview/boighor-v3/images/product/4.jpg]
[demo.hasthemes.com/boighor-preview/boighor-v3/images/product/6.jpg]
[demo.hasthemes.com/boighor-preview/boighor-v3/images/product/5.jpg]
[demo.hasthemes.com/boighor-preview/boighor-v3/blog-no-sidebar.html]
[demo.hasthemes.com/boighor-preview/boighor-v3/images/product/7.jpg]
[demo.hasthemes.com/boighor-preview/boighor-v3/images/product/8.jpg]
[demo.hasthemes.com/boighor-preview/boighor-v3/images/product/9.jpg]
[demo.hasthemes.com/boighor-preview/boighor-v3/images/product/sm-3/1.jpg]
[demo.hasthemes.com/boighor-preview/boighor-v3/blog-details.html]
[demo.hasthemes.com/boighor-preview/boighor-v3/images/product/sm-3/2.jpg]
[demo.hasthemes.com/boighor-preview/boighor-v3/images/product/sm-3/3.jpg]
[demo.hasthemes.com/boighor-preview/boighor-v3/images/blog/blog-3/1.jpg]
[demo.hasthemes.com/boighor-preview/boighor-v3/images/blog/blog-3/2.jpg]
[demo.hasthemes.com/boighor-preview/boighor-v3/images/blog/blog-3/4.jpg]
[demo.hasthemes.com/boighor-preview/boighor-v3/images/blog/blog-3/3.jpg]
[demo.hasthemes.com/boighor-preview/boighor-v3/images/blog/sm-img/2.jpg]
[demo.hasthemes.com/boighor-preview/boighor-v3/images/blog/sm-img/3.jpg]
[demo.hasthemes.com/boighor-preview/boighor-v3/images/blog/blog-3/5.jpg]
[demo.hasthemes.com/boighor-preview/boighor-v3/images/blog/sm-img/1.jpg]
[demo.hasthemes.com/boighor-preview/boighor-v3/portfolio.html]
[demo.hasthemes.com/boighor-preview/boighor-v3/portfolio-three-column.html]
[demo.hasthemes.com/boighor-preview/boighor-v3/images/blog/sm-img/4.jpg]
[demo.hasthemes.com/boighor-preview/boighor-v3/images/blog/comment/1.jpg]
[demo.hasthemes.com/boighor-preview/boighor-v3/images/blog/sm-img/5.jpg]
[demo.hasthemes.com/boighor-preview/boighor-v3/images/blog/big-img/1.jpg]
[demo.hasthemes.com/boighor-preview/boighor-v3/images/portfolio/md-img/1.jpg]
[demo.hasthemes.com/boighor-preview/boighor-v3/images/portfolio/big-2/1.jpg]
[demo.hasthemes.com/boighor-preview/boighor-v3/portfolio-details.html]
[demo.hasthemes.com/boighor-preview/boighor-v3/images/portfolio/md-img/2.jpg]
[demo.hasthemes.com/boighor-preview/boighor-v3/images/portfolio/big-2/2.jpg]
[demo.hasthemes.com/boighor-preview/boighor-v3/images/portfolio/big-2/3.jpg]
[demo.hasthemes.com/boighor-preview/boighor-v3/images/portfolio/md-img/3.jpg]
[demo.hasthemes.com/boighor-preview/boighor-v3/images/portfolio/md-img/4.jpg]
[demo.hasthemes.com/boighor-preview/boighor-v3/about.html]
[demo.hasthemes.com/boighor-preview/boighor-v3/images/portfolio/md-img/5.jpg]
[demo.hasthemes.com/boighor-preview/boighor-v3/images/portfolio/md-img/6.jpg]
[demo.hasthemes.com/boighor-preview/boighor-v3/images/portfolio/md-img/7.jpg]
[demo.hasthemes.com/boighor-preview/boighor-v3/images/portfolio/md-img/8.jpg]
[demo.hasthemes.com/boighor-preview/boighor-v3/images/portfolio/md-img/9.jpg]
[demo.hasthemes.com/boighor-preview/boighor-v3/images/about/team/2.jpg]
[demo.hasthemes.com/boighor-preview/boighor-v3/images/portfolio/md-img/10.jpg]
[demo.hasthemes.com/boighor-preview/boighor-v3/team.html]
[demo.hasthemes.com/boighor-preview/boighor-v3/images/portfolio/big-img/1.jpg]
[demo.hasthemes.com/boighor-preview/boighor-v3/contact.html]
[demo.hasthemes.com/boighor-preview/boighor-v3/images/about/team/1.jpg]
[demo.hasthemes.com/boighor-preview/boighor-v3/images/about/team/4.jpg]
[demo.hasthemes.com/boighor-preview/boighor-v3/images/about/team/3.jpg]
[demo.hasthemes.com/boighor-preview/boighor-v3/error404.html]
[demo.hasthemes.com/boighor-preview/boighor-v3/faq.html]
[demo.hasthemes.com/boighor-preview/p2/fonts/glyphicons-halflings-regular.eot]
[demo.hasthemes.com/boighor-preview/p2/fonts/glyphicons-halflings-regulard41d.eot]
[demo.hasthemes.com/boighor-preview/p2/fonts/glyphicons-halflings-regular.woff2]
[demo.hasthemes.com/boighor-preview/p2/fonts/glyphicons-halflings-regular.woff]
[demo.hasthemes.com/boighor-preview/p2/fonts/glyphicons-halflings-regular.ttf]
[demo.hasthemes.com/boighor-preview/p2/fonts/glyphicons-halflings-regular.svg]
[demo.hasthemes.com/boighor-preview/p2/fonts/fontawesome-webfont3e6e.svg]
[demo.hasthemes.com/boighor-preview/p2/fonts/et-line.svg]
[demo.hasthemes.com/boighor-preview/boighor-v3/css/bootstrap.min.css]
[demo.hasthemes.com/boighor-preview/boighor-v3/css/plugins.css]
[demo.hasthemes.com/boighor-preview/boighor-v3/images/about/team/5.jpg]
[demo.hasthemes.com/boighor-preview/boighor-v3/images/about/team/6.jpg]
[demo.hasthemes.com/boighor-preview/boighor-v3/images/others/404.png]
[demo.hasthemes.com/boighor-preview/boighor-v3/style.css]
[demo.hasthemes.com/boighor-preview/boighor-v3/css/custom.css]
[demo.hasthemes.com/boighor-preview/boighor-v3/product-details.html]
[demo.hasthemes.com/boighor-preview/boighor-v3/1.jpg]
[demo.hasthemes.com/boighor-preview/boighor-v3/2.jpg]
[demo.hasthemes.com/boighor-preview/boighor-v3/3.jpg]
[demo.hasthemes.com/boighor-preview/boighor-v3/images/bg/1.jpg]
[demo.hasthemes.com/boighor-preview/boighor-v3/4.jpg]
[demo.hasthemes.com/boighor-preview/boighor-v3/images/bg/4.jpg]
[demo.hasthemes.com/boighor-preview/boighor-v3/5.jpg]
[demo.hasthemes.com/boighor-preview/boighor-v3/images/bg/2.jpg]
[demo.hasthemes.com/boighor-preview/boighor-v3/6.jpg]
[demo.hasthemes.com/boighor-preview/boighor-v3/images/bg/3.jpg]
[demo.hasthemes.com/boighor-preview/boighor-v3/7.jpg]
[demo.hasthemes.com/boighor-preview/boighor-v3/images/bg/5.jpg]
[demo.hasthemes.com/boighor-preview/boighor-v3/8.jpg]
[demo.hasthemes.com/boighor-preview/boighor-v3/images/bg/6.jpg]
[demo.hasthemes.com/boighor-preview/boighor-v3/images/bg/7.jpg]
[demo.hasthemes.com/boighor-preview/boighor-v3/inde-box.html]
[demo.hasthemes.com/boighor-preview/boighor-v3/images/bg/8.jpg]
[demo.hasthemes.com/boighor-preview/boighor-v3/css/plugins/font-awesome.min.css]
[demo.hasthemes.com/boighor-preview/boighor-v3/images/bg/9.jpg]
[demo.hasthemes.com/boighor-preview/boighor-v3/images/icons/links_static.png]
[demo.hasthemes.com/boighor-preview/boighor-v3/images/icons/icon_title3.png]
[demo.hasthemes.com/boighor-preview/boighor-v3/images/icons/search.png]
[demo.hasthemes.com/boighor-preview/boighor-v3/css/plugins/bicon.min.css]
[demo.hasthemes.com/boighor-preview/boighor-v3/images/icons/cart.png]
[demo.hasthemes.com/boighor-preview/boighor-v3/images/icons/button-wishlist.png]
[demo.hasthemes.com/boighor-preview/boighor-v3/images/icons/icon_setting.png]
[demo.hasthemes.com/boighor-preview/boighor-v3/images/icons/search_white.png]
[demo.hasthemes.com/boighor-preview/boighor-v3/images/icons/cart_white.png]
[demo.hasthemes.com/boighor-preview/boighor-v3/images/icons/icon_setting_white.png]
[demo.hasthemes.com/boighor-preview/boighor-v3/images/icons/cart3.png]
[demo.hasthemes.com/boighor-preview/boighor-v3/images/icons/cart2.png]
[demo.hasthemes.com/boighor-preview/boighor-v3/images/icons/wishlist2.png]
[demo.hasthemes.com/boighor-preview/boighor-v3/images/icons/button-wishlist_white.png]
[demo.hasthemes.com/boighor-preview/boighor-v3/images/icons/compare2.png]
[demo.hasthemes.com/boighor-preview/boighor-v3/images/icons/search2.png]
[demo.hasthemes.com/boighor-preview/boighor-v3/images/icons/links_static8.png]
[demo.hasthemes.com/boighor-preview/boighor-v3/images/icons/box.png]
[demo.hasthemes.com/boighor-preview/boighor-v3/images/png-img/shipping.png]
[demo.hasthemes.com/boighor-preview/boighor-v3/images/png-img/headphone.png]
[demo.hasthemes.com/boighor-preview/boighor-v3/images/png-img/payment.png]
[demo.hasthemes.com/boighor-preview/boighor-v3/images/icons/product-info.png]
[demo.hasthemes.com/boighor-preview/boighor-v3/images/icons/button-compare.png]
[demo.hasthemes.com/boighor-preview/boighor-v3/images/icons/button-email.png]
[demo.hasthemes.com/boighor-preview/boighor-v3/images/icons/blog-link-post2.png]
[demo.hasthemes.com/boighor-preview/boighor-v3/css/plugins/pe-icon-7-stroke.css]
[demo.hasthemes.com/boighor-preview/boighor-v3/css/plugins/slick.min.css]
[demo.hasthemes.com/boighor-preview/boighor-v3/images/others/toggle_open.png]
[demo.hasthemes.com/boighor-preview/boighor-v3/css/plugins/fakeloader.css]
[demo.hasthemes.com/boighor-preview/boighor-v3/images/icons/wishlist.png]
[demo.hasthemes.com/boighor-preview/boighor-v3/images/others/toggle_close.png]
[demo.hasthemes.com/boighor-preview/boighor-v3/images/icons/compare.png]
[demo.hasthemes.com/boighor-preview/boighor-v3/fonts/bicon615a.ttf]
[demo.hasthemes.com/boighor-preview/boighor-v3/fonts/bicon615a.eot]
[demo.hasthemes.com/boighor-preview/boighor-v3/css/plugins/nivo-slider.css]
[demo.hasthemes.com/boighor-preview/boighor-v3/fonts/bicon615a.woff]
[demo.hasthemes.com/boighor-preview/boighor-v3/fonts/slick-1.eot]
[demo.hasthemes.com/boighor-preview/boighor-v3/images/ajax-loader.gif]
[demo.hasthemes.com/boighor-preview/boighor-v3/fonts/slick.eot]
[demo.hasthemes.com/boighor-preview/boighor-v3/fonts/slick.woff]
[demo.hasthemes.com/boighor-preview/boighor-v3/fonts/slick.ttf]
[demo.hasthemes.com/boighor-preview/boighor-v3/css/plugins/nivo-preview-2.css]
[demo.hasthemes.com/boighor-preview/boighor-v3/css/plugins/owl.carousel.min.css]
[demo.hasthemes.com/boighor-preview/boighor-v3/css/plugins/owl.theme.default.min.css]
[demo.hasthemes.com/boighor-preview/boighor-v3/fonts/Material-Design-Iconic-Font.woff2]
[demo.hasthemes.com/boighor-preview/boighor-v3/css/plugins/material-design-iconic-font.min.css]
[demo.hasthemes.com/boighor-preview/boighor-v3/css/plugins/animation.css]
[demo.hasthemes.com/boighor-preview/boighor-v3/css/plugins/fancybox.css]
[demo.hasthemes.com/boighor-preview/boighor-v3/css/plugins/mainmenu.css]
[demo.hasthemes.com/boighor-preview/boighor-v3/images/fancybox/fancybox_sprite.png]
[demo.hasthemes.com/boighor-preview/boighor-v3/images/fancybox/fancybox_loading.gif]
[demo.hasthemes.com/boighor-preview/boighor-v3/images/fancybox/blank.gif]
[demo.hasthemes.com/boighor-preview/boighor-v3/css/plugins/fotorama.css]
[demo.hasthemes.com/boighor-preview/boighor-v3/images/fancybox/fancybox_overlay.png]
[demo.hasthemes.com/boighor-preview/boighor-v3/images/fancybox/fancybox_sprite@2x.png]
[demo.hasthemes.com/boighor-preview/boighor-v3/images/fancybox/fancybox_loading@2x.gif]
[demo.hasthemes.com/boighor-preview/boighor-v3/images/icons/fotorama.png]
[demo.hasthemes.com/boighor-preview/boighor-v3/css/plugins/simple-line-icons.css]
[demo.hasthemes.com/boighor-preview/boighor-v3/images/icons/fotorama@2x.png]
[demo.hasthemes.com/boighor-preview/boighor-v3/fonts/Simple-Line-Icons.eot]
[demo.hasthemes.com/boighor-preview/boighor-v3/fonts/Simple-Line-Icons.woff2]
[demo.hasthemes.com/boighor-preview/boighor-v3/fonts/Simple-Line-Icons.ttf]
[demo.hasthemes.com/boighor-preview/boighor-v3/fonts/Simple-Line-Icons.woff]
[demo.hasthemes.com/boighor-preview/boighor-v3/css/plugins/jquery-ui.min.css]
[demo.hasthemes.com/boighor-preview/boighor-v3/css/plugins/lightbox.css]
[demo.hasthemes.com/boighor-preview/boighor-v3/images/icons/close.png]
[demo.hasthemes.com/boighor-preview/boighor-v3/images/icons/next.png]
[demo.hasthemes.com/boighor-preview/boighor-v3/images/icons/search3.png]
[demo.hasthemes.com/boighor-preview/boighor-v3/images/pos-bg/19.jpeg]
[demo.hasthemes.com/boighor-preview/boighor-v3/images/icons/loading.gif]
[demo.hasthemes.com/boighor-preview/boighor-v3/images/icons/prev.png]
[demo.hasthemes.com/boighor-preview/boighor-v3/fonts/bicon615a.svg]
[demo.hasthemes.com/boighor-preview/boighor-v3/css/fonts/Pe-icon-7-strokebb1d.eot]
[demo.hasthemes.com/boighor-preview/boighor-v3/css/fonts/Pe-icon-7-stroked41d.eot]
[demo.hasthemes.com/boighor-preview/boighor-v3/css/fonts/Pe-icon-7-strokebb1d.woff]
[demo.hasthemes.com/boighor-preview/boighor-v3/css/fonts/Pe-icon-7-strokebb1d.ttf]
[demo.hasthemes.com/boighor-preview/boighor-v3/css/fonts/Pe-icon-7-strokebb1d.svg]
[demo.hasthemes.com/boighor-preview/boighor-v3/fonts/slick.svg]
[demo.hasthemes.com/boighor-preview/boighor-v3/css/img/loading.gif]
[demo.hasthemes.com/boighor-preview/boighor-v3/css/img/bullets.png]
[demo.hasthemes.com/boighor-preview/boighor-v3/css/img/arrows.png]
[demo.hasthemes.com/boighor-preview/boighor-v3/css/plugins/owl.video.play.png]
[demo.hasthemes.com/boighor-preview/boighor-v3/css/fonts/Material-Design-Iconic-Fontd1f1.woff]
[demo.hasthemes.com/boighor-preview/boighor-v3/css/fonts/Material-Design-Iconic-Fontd1f1.ttf]
[demo.hasthemes.com/boighor-preview/fonts/Simple-Line-Iconsb26c.eot]
[demo.hasthemes.com/boighor-preview/boighor-v3/fonts/Simple-Line-Icons.svg]
[demo.hasthemes.com/boighor-preview/boighor-v3/css/plugins/images/ui-bg_inset-hard_100_fcfdfd_1x100.png]
[demo.hasthemes.com/boighor-preview/boighor-v3/css/plugins/images/ui-bg_gloss-wave_55_5c9ccc_500x100.png]
[demo.hasthemes.com/boighor-preview/boighor-v3/css/plugins/images/ui-bg_glass_85_dfeffc_1x400.png]
[demo.hasthemes.com/boighor-preview/boighor-v3/css/plugins/images/ui-bg_glass_75_d0e5f5_1x400.png]
[demo.hasthemes.com/boighor-preview/boighor-v3/css/plugins/images/ui-bg_inset-hard_100_f5f8f9_1x100.png]
[demo.hasthemes.com/boighor-preview/boighor-v3/css/plugins/images/ui-bg_glass_95_fef1ec_1x400.png]
[demo.hasthemes.com/boighor-preview/boighor-v3/css/plugins/images/ui-icons_469bdd_256x240.png]
[demo.hasthemes.com/boighor-preview/boighor-v3/css/plugins/images/ui-icons_d8e7f3_256x240.png]
[demo.hasthemes.com/boighor-preview/boighor-v3/css/plugins/images/ui-icons_6da8d5_256x240.png]
[demo.hasthemes.com/boighor-preview/boighor-v3/css/plugins/images/ui-icons_217bc0_256x240.png]
[demo.hasthemes.com/boighor-preview/boighor-v3/css/plugins/images/ui-icons_f9bd01_256x240.png]
[demo.hasthemes.com/boighor-preview/boighor-v3/css/plugins/images/ui-icons_2e83ff_256x240.png]
[demo.hasthemes.com/boighor-preview/boighor-v3/css/plugins/images/ui-icons_cd0a0a_256x240.png]
